P2-001 api\src\modules\services\ToolService.ts muse=True@571 main=True@571 BOTH_PRESENT
P2-002 api\src\modules\services\ToolService.ts muse=True@247 main=True@247 BOTH_PRESENT
P2-003 api\src\modules\tools\definitions\ContentTools.ts muse=True@129 main=True@129 BOTH_PRESENT
P2-004 api\src\modules\tools\definitions\TaskLifecycleTool.ts muse=True@27 main=True@27 BOTH_PRESENT
P2-005 api\src\modules\services\ToolService.ts muse=True@946 main=True@946 BOTH_PRESENT
P2-006 api\src\modules\tools\definitions\DeadCodeTool.ts muse=True@50 main=True@50 BOTH_PRESENT
P2-007 api\src\modules\services\ToolService.ts muse=True@142 main=True@142 BOTH_PRESENT
P2-008 api\src\modules\tools\definitions\BrowserRunTool.ts muse=True@248 main=True@248 BOTH_PRESENT
P2-009 api\src\modules\tools\definitions\ArchiveFilesTool.ts muse=True@92 main=True@92 BOTH_PRESENT
P2-010 api\src\modules\tools\definitions\QualityTools.ts muse=True@102 main=True@102 BOTH_PRESENT
P2-011 api\src\modules\tools\definitions\BrowserSmartTools.ts muse=True@174 main=True@174 BOTH_PRESENT
P2-012 api\src\modules\tools\definitions\BrowserRunTool.ts muse=True@149 main=True@149 BOTH_PRESENT
P2-013 api\src\modules\tools\definitions\BrowserSmartTools.ts muse=True@30 main=True@30 BOTH_PRESENT
P2-014 api\src\modules\tools\definitions\ScreenshotTool.ts muse=True@244 main=True@244 BOTH_PRESENT
P2-015 api\src\modules\tools\definitions\EliteTools.ts muse=True@66 main=True@66 BOTH_PRESENT
P2-016 api\src\modules\tools\definitions\BrowserSmartTools.ts muse=True@1271 main=True@1271 BOTH_PRESENT
P2-017 api\src\modules\tools\definitions\BrowserSmartTools.ts muse=True@726 main=True@726 BOTH_PRESENT
P2-018 api\src\modules\tools\definitions\PhaseExecutorTool.ts muse=True@1570 main=True@1568 BOTH_PRESENT
P2-019 api\src\modules\tools\definitions\PhaseExecutorTool.ts muse=True@1330 main=True@1328 BOTH_PRESENT
P2-020 api\src\modules\tools\definitions\AutoTesterTool.ts muse=True@58 main=True@57 BOTH_PRESENT
P2-021 api\src\modules\tools\definitions\SecurityScannerTool.ts muse=True@108 main=True@108 BOTH_PRESENT
P2-022 api\src\modules\tools\definitions\WebDevelopmentTools.ts muse=True@529 main=True@529 BOTH_PRESENT
P2-023 api\src\modules\tools\definitions\DeployProjectTool.ts muse=True@251 main=True@225 BOTH_PRESENT
P2-024 api\src\modules\tools\definitions\SystemTools.ts muse=True@1084 main=True@1084 BOTH_PRESENT
P2-025 api\src\modules\tools\definitions\ContentTools.ts muse=True@122 main=True@122 BOTH_PRESENT
P2-026 api\src\modules\tools\definitions\DatabaseEnterpriseTools.ts muse=True@183 main=True@183 BOTH_PRESENT
P2-027 api\src\modules\tools\definitions\DatabaseEnterpriseTools.ts muse=True@258 main=True@258 BOTH_PRESENT
P2-028 api\src\modules\tools\definitions\DatasourceTool.ts muse=True@116 main=True@116 BOTH_PRESENT
P2-029 api\src\modules\tools\definitions\PerformanceAnalyzerTool.ts muse=True@66 main=True@66 BOTH_PRESENT
P2-030 api\src\modules\tools\definitions\MonitoringTool.ts muse=True@150 main=True@150 BOTH_PRESENT
P2-031 api\src\modules\tools\definitions\AlertManagerTool.ts muse=True@72 main=True@72 BOTH_PRESENT
P2-032 api\src\modules\tools\definitions\TodoWriteTool.ts muse=True@17 main=True@17 BOTH_PRESENT
P2-033 api\src\core\profile\business-profile.ts muse=True@74 main=True@74 BOTH_PRESENT
P2-034 api\src\modules\tools\definitions\FormInboxTool.ts muse=True@26 main=True@26 BOTH_PRESENT
P2-035 api\src\modules\tools\definitions\InfrastructureTools.ts muse=True@125 main=True@125 BOTH_PRESENT
P2-036 api\src\modules\tools\definitions\AdvancedTools.ts muse=True@823 main=True@823 BOTH_PRESENT
P2-037 api\src\modules\tools\definitions\InfrastructureTools.ts muse=True@29 main=True@29 BOTH_PRESENT
P2-038 api\src\modules\tools\definitions\QualityTools.ts muse=True@371 main=True@371 BOTH_PRESENT
P2-039 api\src\modules\tools\definitions\GoBuilderTool.ts muse=True@520 main=True@520 BOTH_PRESENT
P2-040 api\src\modules\tools\definitions\PythonBuilderTool.ts muse=True@107 main=True@107 BOTH_PRESENT
P2-041 api\src\modules\tools\definitions\PythonExecutionTool.ts muse=True@66 main=True@66 BOTH_PRESENT
P2-042 api\src\core\quality\verification-ledger.ts muse=True@663 main=True@663 BOTH_PRESENT
P2-043 api\src\modules\tools\definitions\SwaggerDocsTool.ts muse=True@154 main=True@154 BOTH_PRESENT
P2-044 api\src\modules\tools\definitions\GoogleAccountTool.ts muse=True@105 main=True@105 BOTH_PRESENT
P2-045 api\src\modules\tools\definitions\VideoActionTool.ts muse=True@57 main=True@57 BOTH_PRESENT
P2-046 api\src\modules\tools\definitions\ImageStudioTool.ts muse=True@146 main=True@146 BOTH_PRESENT
P2-047 api\src\modules\tools\definitions\QualityTools.ts muse=False@0 main=False@0 BOTH_ABSENT
P2-048 api\src\core\quality\verification-ledger.ts muse=True@528 main=True@528 BOTH_PRESENT
P2-049 api\src\modules\services\CortexState.ts muse=True@2 main=True@2 BOTH_PRESENT
P2-050 api\src\modules\services\DeployManager.ts muse=True@9 main=True@9 BOTH_PRESENT
P2-051 api\src\api\routes\queue.ts muse=True@5 main=True@5 BOTH_PRESENT
P2-052 web\src\components\TaskTracker.tsx muse=True@1 main=True@1 BOTH_PRESENT
