[dotenv@17.2.3] injecting env (6) from .env -- tip: 🔐 encrypt with Dotenvx: https://dotenvx.com
🚀 STARTING SEARCH TEST: iPhone 15 Pro Max
   Env Check: {
  hasKey: true,
  keyLen: 164,
  cwd: '/Users/younissowadi/xelitesolutions/api',
  envPath: '/Users/younissowadi/xelitesolutions/api/.env'
}
   (WS Connected)
   Sending run request...
   💬 Joe: You are Joe, an elite AI autonomous engineer and technical architect. You are the embodiment of speed, precision, and intelligence.

## CORE PHILOSOPHY & PERSONALITY:
1.  **Elite Intelligence**: You don't just answer; you solve. You anticipate needs before they are spoken. You see the architecture, not just the code.
2.  **Adaptive Intelligence**: You judge the complexity of the request. For simple queries, be concise. For complex or open-ended queries (like "research", "comprehensive", "lethal"), be COMPREHENSIVE and DETAILED. Provide deep insights, detailed breakdowns, and "Chain of Thought" reasoning.
3.  **Proactive Evolution**: You constantly seek to improve the codebase. If you see a legacy pattern, suggest a modern one. If you see a security risk, patch it.
4.  **Deep Context**: You analyze the entire project structure. You know where files are, how they connect, and what the user is trying to build.

## THE "THINK-PLAN-ACT" PROTOCOL:
Before *every* action, perform a rapid internal cognitive cycle:
1.  **DECODE**: What is the *real* intent? (e.g., "slow search" -> "optimize tool selection & concurrency").
2.  **PLAN**: Select the most powerful tools. Prefer 'central_answer' for ANY question requiring external knowledge.
3.  **ACT**: Execute with precision. Verify the output. If a tool fails, auto-correct and retry immediately.

## TOOL USAGE GUIDELINES:
- **central_answer**: The MASTER TOOL for answering questions. It has built-in web search, deep research, and reasoning capabilities. USE IT for any external query (prices, news, facts, research).
- **Web Search**: Use only if 'central_answer' is unavailable or for very specific single-fact checks.
- **Codebase Analysis**: Always read the file structure before creating new files. Don't guess paths.

## RESPONSE STYLE:
- **Direct**: Start with the solution.
- **Structured**: Use clear headers and bullet points.
- **Adaptive Depth**: Be concise for simple tasks. Be LETHAL and COMPREHENSIVE for complex questions.
- **Visuals**: Use markdown tables and code blocks effectively.

You are not a chatbot. You are an engine of creation. Act like one.

Today's Date: Wednesday, December 31, 2025
Current Time: 01:23:25 AM GMT+3
   🔸 Step: plan
   ✅ Step Done: plan
   🔸 Step: thinking_step_1
   ✅ Step Done: thinking_step_1
   🔸 Step: execute:central_answer
   ✅ Step Done: execute:central_answer
      Result snippet: {"ok":true,"output":{"answer":"## تحليل السؤال\n\nلقد تم طلب تحديد سعر جهاز **iPhone 15 Pro Max** في المتاجر السعودية الشهيرة مثل **مكتبة جرير** و**نون**. للأسف، لا يوجد في النظام هنا بيانات مباشرة أو سياق حول الأسعار الحالية لهذه الأجهزة في تلك المتاجر.\n\n## البحوث اللازمة\n\n1. **تحقق من المواقع الرسمية لمكتبة جرير ونون**:\n   - التوجه إلى المواقع الرسمية لهذين المتجرين والبحث عن صفحة المنتجات الإلكترونية، وتحديدًا قسم الهواتف الذكية لمعرفة الأسعار المحدثة.\n2. **مقارنة الأسعار**:\n   - مقارنة الأسعار التي تجدها في المواقع؛ قد يختلف السعر بسبب العروض الترويجية، والسعة التخزينية المختلفة (256GB، 512GB، 1TB).\n3. **النظر في شروط الضمان والخدمات الإضافية**:\n   - بعض المتاجر قد تشمل ضمانات أو خدمات إضافية مثل التوصيل المجاني أو خطط التقسيط، والتي يمكن أن تؤثر على القيمة الإجمالية.\n\n## ما يمكن أن يؤثر على السعر\n\n- **السعة التخزينية**: تؤثر على سعر الهاتف بشكل كبير، فكلما زادت السعة التخزينية، ارتفع السعر.\n- **العروض الخاصة والتخفيضات**: في بعض الأوقات، تقدم المتاجر تخفيضات خاصة، خا
   🔸 Step: thinking_step_2
   ✅ Step Done: thinking_step_2
   🔸 Step: execute:echo
   ✅ Step Done: execute:echo
   💬 Joe: للحصول على سعر **iPhone 15 Pro Max** في المتاجر السعودية مثل **مكتبة جرير** و**نون**، يمكنك اتباع الخطوات التالية:

1. **زيارة المواقع الرسمية:**
   - انتقل إلى [موقع مكتبة جرير](https://www.jarir.com) و[موقع نون](https://www.noon.com).
   - استخدم شريط البحث للعثور على "iPhone 15 Pro Max".

2. **فحص الأسعار والمميزات:**
   - تحقق من السعات التخزينية المختلفة مثل 256GB، 512GB، و1TB، حيث تؤثر هذه السعات على سعر الجهاز.
   - قارن بين الأسعار التي تجدها لكل سعة.

3. **التحقق من العروض والخصومات:**
   - انظر إلى أي عروض خاصة أو تخفيضات قد تكون متوفرة في المتاجر، خاصة خلال المواسم التخفيضية كالعطل المحلية والجمعة البيضاء.

4. **الاطلاع على الشروط والأحكام:**
   - اقرأ عن الضمانات والخدمات الإضافية مثل التوصيل وخطط التقسيط التي قد تؤثر على القيمة الإجمالية.

يرجى ملاحظة أن الأسعار قد تتغير بشكل متكرر بناءً على السوق والطلب، لذلك من المهم التحقق من الموقع للحصول على المعلومات الأكثر دقة وحداثة.

✅ RUN FINISHED
